<area shape="rect" href="$litm_8c.html#2da7b55584eb9bfdd2202a3b4ecb4c0d" title="__litm_compute_timeout" alt="" coords="201,200,364,227">
<area shape="rect" href="$litm_8c.html#7866d99d291588a5279844f2883fd3fa" title="litm_connect_ex" alt="" coords="225,251,340,277">
<area shape="rect" href="$utils_8c.html#e026bd95646ab598d1f1d98c4e874194" title="random_sleep_period" alt="" coords="211,301,355,328">
<area shape="rect" href="$connection_8c.html#cdc49bd9a413a0db444340b5ffa35543" title="litm_connection_open_ex" alt="" coords="413,251,581,277">
<area shape="rect" href="$switch_8c.html#cf83bfcffad6990c781b1a668ec8209e" title="switch_init" alt="" coords="456,200,539,227">
<area shape="rect" href="$connection_8c.html#720256527350db29d5e743a32d908151" title="__litm_connection_get_free_index" alt="" coords="629,301,848,328">
<area shape="rect" href="$queue_8c.html#fb5475fae1028dd41cf622ef2dc84036" title="queue_create" alt="" coords="689,251,788,277">
<area shape="rect" href="$switch_8c.html#e4d3d02052899f64d09070f18f75c29a" title="__switch_init_tables" alt="" coords="669,149,808,176">
<area shape="rect" href="$switch_8c.html#99ec0a50e5e594cb656f9ea1f7d39554" title="__switch_thread_function" alt="" coords="655,200,823,227">
<area shape="rect" href="$switch_8c.html#149e07f06e61c0daee8f4cf38200dff2" title="__switch_finalize" alt="" coords="1191,23,1311,49">
<area shape="rect" href="$switch_8c.html#4d51cfe83ccbbb9248bbee852a1a3a65" title="__switch_get_next_subscriber" alt="" coords="897,276,1092,303">
<area shape="rect" href="$switch_8c.html#195303a03d0b0c2a3f44951a38b2b0f6" title="__switch_handle_pending" alt="" coords="911,73,1079,100">
<area shape="rect" href="$switch_8c.html#a915fa62ee3a445f9acac19e744005e3" title="__switch_try_sending_or_requeue" alt="" coords="1143,99,1359,125">
<area shape="rect" href="$litm_8c.html#76f700b9bb8531fd8baf8931e67c4604" title="litm_translate_code" alt="" coords="1184,163,1317,189">
<area shape="rect" href="$queue_8c.html#819eed56d043a96499116f087d928057" title="queue_get_nb" alt="" coords="944,327,1045,353">
<area shape="rect" href="$queue_8c.html#e8939dc8316290db7846b56d38c7ff90" title="queue_put" alt="" coords="1479,225,1559,252">
<area shape="rect" href="$queue_8c.html#506b0fed202c45ae1d42b1b9d5cd6b30" title="queue_wait" alt="" coords="952,377,1037,404">
<area shape="rect" href="$pool_8c.html#1266647a6ed7c20e9c5d08f4bef09dd3" title="__litm_pool_recycle" alt="" coords="1451,23,1587,49">
<area shape="rect" href="$pool_8c.html#2f844d6f6d2a471a5a93c3c49c28eef2" title="__litm_pool_destroy" alt="" coords="1683,23,1819,49">
<area shape="rect" href="$switch_8c.html#789e706afab00720920bef8347ac87af" title="__switch_find_match" alt="" coords="1179,276,1323,303">
<area shape="rect" href="$switch_8c.html#1025953257d7d23c8473d945dbf0c9db" title="__switch_try_sending_to_recipient" alt="" coords="1409,124,1628,151">
<area shape="rect" href="$queue_8c.html#8ef73c0a37ef99ebc486eaa88bd19cef" title="queue_put_head" alt="" coords="1461,73,1576,100">
<area shape="rect" href="$queue_8c.html#6771a5883953007fe2dc632d7c56cc98" title="queue_put_head_wait" alt="" coords="1677,124,1824,151">
<area shape="rect" href="$queue_8c.html#ad63e2d2e97a079465ca5651b5b7c36e" title="queue_put_nb" alt="" coords="1700,175,1801,201">
<area shape="rect" href="$queue_8c.html#145cb346a7b7660c1fdf011298d6ff5d" title="queue_put_head_safe" alt="" coords="1873,112,2020,139">
<area shape="rect" href="$queue_8c.html#24e3c9aaef201f1f66bcd8591b1e4c15" title="queue_put_safe" alt="" coords="1891,188,2003,215">
<area shape="rect" href="$queue_8c.html#223e84e07701aa14c2103fa27d08a101" title="__queue_get_safe" alt="" coords="1187,327,1315,353">
<area shape="rect" href="$utils_8c.html#5d9e6e6aa5ed16d2aab765ba46de50fc" title="random_sleep" alt="" coords="447,301,548,328">
