<area shape="rect" href="$queue_8h.html#5a5ec0893ace49a628bf1902c2f3999d" title="queue_put_head" alt="" coords="219,5,333,32">
<area shape="rect" href="$queue_8h.html#451122872903237ffff449a74b52608d" title="queue_put_head_nb" alt="" coords="208,56,344,83">
<area shape="rect" href="$queue_8h.html#6771a5883953007fe2dc632d7c56cc98" title="queue_put_head_wait" alt="" coords="203,107,349,133">
<area shape="rect" href="$switch_8c.html#2e20f13c81cddbb6b22dbf8ae111a96d" title="__switch_safe_send" alt="" coords="439,5,577,32">
<area shape="rect" href="$switch_8h.html#53fa28981b2f79292ea1d0c2d5c50aec" title="switch_send" alt="" coords="729,5,823,32">
<area shape="rect" href="$litm_8h.html#ec1432d7f0252d45801739101e04e050" title="litm_send" alt="" coords="980,5,1057,32">
<area shape="rect" href="$switch_8c.html#1025953257d7d23c8473d945dbf0c9db" title="__switch_try_sending_to_recipient" alt="" coords="399,107,617,133">
<area shape="rect" href="$switch_8c.html#a915fa62ee3a445f9acac19e744005e3" title="__switch_try_sending_or_requeue" alt="" coords="668,107,884,133">
<area shape="rect" href="$switch_8c.html#195303a03d0b0c2a3f44951a38b2b0f6" title="__switch_handle_pending" alt="" coords="935,81,1103,108">
<area shape="rect" href="$switch_8c.html#99ec0a50e5e594cb656f9ea1f7d39554" title="__switch_thread_function" alt="" coords="1152,107,1320,133">
<area shape="rect" href="$switch_8h.html#cf83bfcffad6990c781b1a668ec8209e" title="switch_init" alt="" coords="1368,107,1451,133">
<area shape="rect" href="$litm_8h.html#7866d99d291588a5279844f2883fd3fa" title="litm_connect_ex" alt="" coords="1500,107,1615,133">
<area shape="rect" href="$litm_8h.html#bc852d2eb14353e36adf21c33eab03a3" title="litm_connect" alt="" coords="1664,107,1760,133">
