<area shape="rect" href="$queue_8h.html#d27389bec0979099c38222da98b9cade" title="queue_get" alt="" coords="193,31,273,57">
<area shape="rect" href="$queue_8h.html#819eed56d043a96499116f087d928057" title="queue_get_nb" alt="" coords="183,81,284,108">
<area shape="rect" href="$switch_8c.html#99ec0a50e5e594cb656f9ea1f7d39554" title="__switch_thread_function" alt="" coords="333,5,501,32">
<area shape="rect" href="$litm_8h.html#2b6bffa08706c97ea5d9f6d670f8b359" title="litm_receive_nb" alt="" coords="361,56,473,83">
<area shape="rect" href="$litm_8h.html#c3d5ff42f38bf4820ab8e842276062a9" title="litm_receive_wait" alt="" coords="357,107,477,133">
<area shape="rect" href="$litm_8h.html#f7227c2bbe2de385bc1c74773931b030" title="litm_receive_wait_timer" alt="" coords="339,157,496,184">
<area shape="rect" href="$switch_8h.html#cf83bfcffad6990c781b1a668ec8209e" title="switch_init" alt="" coords="549,5,632,32">
<area shape="rect" href="$litm_8h.html#7866d99d291588a5279844f2883fd3fa" title="litm_connect_ex" alt="" coords="681,5,796,32">
<area shape="rect" href="$litm_8h.html#bc852d2eb14353e36adf21c33eab03a3" title="litm_connect" alt="" coords="845,5,941,32">
