<area shape="rect" href="$switch_8c.html#149e07f06e61c0daee8f4cf38200dff2" title="__switch_finalize" alt="" coords="273,114,393,138">
<area shape="rect" href="$switch_8c.html#a915fa62ee3a445f9acac19e744005e3" title="__switch_try_sending_or_requeue" alt="" coords="225,198,441,222">
<area shape="rect" href="$litm_8c.html#76f700b9bb8531fd8baf8931e67c4604" title="litm_translate_code" alt="" coords="267,246,400,270">
<area shape="rect" href="$pool_8c.html#1266647a6ed7c20e9c5d08f4bef09dd3" title="__litm_pool_recycle" alt="" coords="533,42,669,66">
<area shape="rect" href="$pool_8c.html#2f844d6f6d2a471a5a93c3c49c28eef2" title="__litm_pool_destroy" alt="" coords="795,6,931,30">
<area shape="rect" href="$switch_8c.html#1025953257d7d23c8473d945dbf0c9db" title="__switch_try_sending_to_recipient" alt="" coords="492,198,711,222">
<area shape="rect" href="$queue_8c.html#e8939dc8316290db7846b56d38c7ff90" title="queue_put" alt="" coords="561,294,641,318">
<area shape="rect" href="$connection_8c.html#86230c9edffe9b05ec0ff384b1706716" title="_litm_connection_get_status" alt="" coords="769,54,956,78">
<area shape="rect" href="$connection_8c.html#845538cd477e83b01381c22198ca318f" title="_litm_connection_lock" alt="" coords="788,102,937,126">
<area shape="rect" href="$connection_8c.html#1bbcee336581803f8ff367f55fca7363" title="_litm_connection_unlock" alt="" coords="781,150,944,174">
<area shape="rect" href="$connection_8c.html#200b813c910cd4a83c36aa907bd52dbe" title="_litm_connection_validate_safe" alt="" coords="761,198,964,222">
<area shape="rect" href="$connection_8c.html#9e582b29253857b58f87ba89f8a6526f" title="_litm_connections_lock" alt="" coords="784,246,941,270">
<area shape="rect" href="$connection_8c.html#c75b4b0413d3523574bda13549715447" title="_litm_connections_unlock" alt="" coords="777,294,948,318">
<area shape="rect" href="$queue_8c.html#24e3c9aaef201f1f66bcd8591b1e4c15" title="queue_put_safe" alt="" coords="807,342,919,366">
