<area shape="rect" href="$switch_8c.html#149e07f06e61c0daee8f4cf38200dff2" title="__switch_finalize" alt="" coords="516,5,636,32">
<area shape="rect" href="$switch_8c.html#4d51cfe83ccbbb9248bbee852a1a3a65" title="__switch_get_next_subscriber" alt="" coords="223,245,417,272">
<area shape="rect" href="$switch_8c.html#195303a03d0b0c2a3f44951a38b2b0f6" title="__switch_handle_pending" alt="" coords="236,93,404,120">
<area shape="rect" href="$switch_8c.html#a915fa62ee3a445f9acac19e744005e3" title="__switch_try_sending_or_requeue" alt="" coords="468,93,684,120">
<area shape="rect" href="$queue_8c.html#e8939dc8316290db7846b56d38c7ff90" title="queue_put" alt="" coords="804,169,884,196">
<area shape="rect" href="$litm_8c.html#76f700b9bb8531fd8baf8931e67c4604" title="litm_translate_code" alt="" coords="509,144,643,171">
<area shape="rect" href="$connection_8c.html#e5df9d4238194cfd02e195a5210602db" title="_litm_connection_signal_all" alt="" coords="231,296,409,323">
<area shape="rect" href="$queue_8c.html#819eed56d043a96499116f087d928057" title="queue_get_nb" alt="" coords="269,347,371,373">
<area shape="rect" href="$queue_8c.html#506b0fed202c45ae1d42b1b9d5cd6b30" title="queue_wait" alt="" coords="277,397,363,424">
<area shape="rect" href="$pool_8c.html#1266647a6ed7c20e9c5d08f4bef09dd3" title="__litm_pool_recycle" alt="" coords="776,5,912,32">
<area shape="rect" href="$pool_8c.html#2f844d6f6d2a471a5a93c3c49c28eef2" title="__litm_pool_destroy" alt="" coords="1008,5,1144,32">
<area shape="rect" href="$switch_8c.html#789e706afab00720920bef8347ac87af" title="__switch_find_match" alt="" coords="504,245,648,272">
<area shape="rect" href="$switch_8c.html#1025953257d7d23c8473d945dbf0c9db" title="__switch_try_sending_to_recipient" alt="" coords="735,93,953,120">
<area shape="rect" href="$queue_8c.html#6771a5883953007fe2dc632d7c56cc98" title="queue_put_head_wait" alt="" coords="1003,68,1149,95">
<area shape="rect" href="$queue_8c.html#ad63e2d2e97a079465ca5651b5b7c36e" title="queue_put_nb" alt="" coords="1025,119,1127,145">
<area shape="rect" href="$queue_8c.html#145cb346a7b7660c1fdf011298d6ff5d" title="queue_put_head_safe" alt="" coords="1199,68,1345,95">
<area shape="rect" href="$queue_8c.html#24e3c9aaef201f1f66bcd8591b1e4c15" title="queue_put_safe" alt="" coords="1216,144,1328,171">
<area shape="rect" href="$queue_8c.html#a1c32f105f2a17f2255cbe6dfaf66f78" title="queue_signal" alt="" coords="528,296,624,323">
<area shape="rect" href="$queue_8c.html#223e84e07701aa14c2103fa27d08a101" title="__queue_get_safe" alt="" coords="512,347,640,373">
