<area shape="rect" href="$switch_8c.html#149e07f06e61c0daee8f4cf38200dff2" title="__switch_finalize" alt="" coords="516,27,636,53">
<area shape="rect" href="$switch_8c.html#4d51cfe83ccbbb9248bbee852a1a3a65" title="__switch_get_next_subscriber" alt="" coords="223,255,417,281">
<area shape="rect" href="$switch_8c.html#195303a03d0b0c2a3f44951a38b2b0f6" title="__switch_handle_pending" alt="" coords="236,52,404,79">
<area shape="rect" href="$switch_8c.html#a915fa62ee3a445f9acac19e744005e3" title="__switch_try_sending_or_requeue" alt="" coords="468,103,684,129">
<area shape="rect" href="$queue_8c.html#e8939dc8316290db7846b56d38c7ff90" title="queue_put" alt="" coords="804,153,884,180">
<area shape="rect" href="$litm_8c.html#76f700b9bb8531fd8baf8931e67c4604" title="litm_translate_code" alt="" coords="509,153,643,180">
<area shape="rect" href="$queue_8c.html#819eed56d043a96499116f087d928057" title="queue_get_nb" alt="" coords="269,305,371,332">
<area shape="rect" href="$queue_8c.html#506b0fed202c45ae1d42b1b9d5cd6b30" title="queue_wait" alt="" coords="277,356,363,383">
<area shape="rect" href="$pool_8c.html#1266647a6ed7c20e9c5d08f4bef09dd3" title="__litm_pool_recycle" alt="" coords="776,27,912,53">
<area shape="rect" href="$pool_8c.html#2f844d6f6d2a471a5a93c3c49c28eef2" title="__litm_pool_destroy" alt="" coords="1004,27,1140,53">
<area shape="rect" href="$switch_8c.html#789e706afab00720920bef8347ac87af" title="__switch_find_match" alt="" coords="504,255,648,281">
<area shape="rect" href="$switch_8c.html#1025953257d7d23c8473d945dbf0c9db" title="__switch_try_sending_to_recipient" alt="" coords="735,103,953,129">
<area shape="rect" href="$queue_8c.html#ad63e2d2e97a079465ca5651b5b7c36e" title="queue_put_nb" alt="" coords="1021,103,1123,129">
<area shape="rect" href="$queue_8c.html#24e3c9aaef201f1f66bcd8591b1e4c15" title="queue_put_safe" alt="" coords="1191,128,1303,155">
<area shape="rect" href="$queue_8c.html#223e84e07701aa14c2103fa27d08a101" title="__queue_get_safe" alt="" coords="512,305,640,332">
