<area shape="rect" href="$pool_8c.html#5a3eeccda0cfcf633af7177fad20c783" title="__litm_pool_get" alt="" coords="212,5,324,32">
<area shape="rect" href="$pool_8c.html#1266647a6ed7c20e9c5d08f4bef09dd3" title="__litm_pool_recycle" alt="" coords="200,56,336,83">
<area shape="rect" href="$queue_8c.html#6771a5883953007fe2dc632d7c56cc98" title="queue_put_head_wait" alt="" coords="195,107,341,133">
<area shape="rect" href="$queue_8c.html#d4050b8bbc9ffa6f43c5471de7072280" title="queue_put_wait" alt="" coords="212,157,324,184">
<area shape="rect" href="$pool_8c.html#ad0b7166470e29cb5024efeca7d035af" title="__litm_pool_clean" alt="" coords="401,5,527,32">
<area shape="rect" href="$pool_8c.html#2f844d6f6d2a471a5a93c3c49c28eef2" title="__litm_pool_destroy" alt="" coords="396,56,532,83">
<area shape="rect" href="$queue_8c.html#145cb346a7b7660c1fdf011298d6ff5d" title="queue_put_head_safe" alt="" coords="391,107,537,133">
<area shape="rect" href="$queue_8c.html#24e3c9aaef201f1f66bcd8591b1e4c15" title="queue_put_safe" alt="" coords="408,157,520,184">
