<area shape="rect" href="$switch_8c.html#2e20f13c81cddbb6b22dbf8ae111a96d" title="__switch_safe_send" alt="" coords="148,81,287,108">
<area shape="rect" href="$pool_8c.html#5a3eeccda0cfcf633af7177fad20c783" title="__litm_pool_get" alt="" coords="348,5,460,32">
<area shape="rect" href="$pool_8c.html#1266647a6ed7c20e9c5d08f4bef09dd3" title="__litm_pool_recycle" alt="" coords="336,56,472,83">
<area shape="rect" href="$queue_8c.html#e8939dc8316290db7846b56d38c7ff90" title="queue_put" alt="" coords="364,107,444,133">
<area shape="rect" href="$queue_8c.html#8ef73c0a37ef99ebc486eaa88bd19cef" title="queue_put_head" alt="" coords="347,157,461,184">
<area shape="rect" href="$pool_8c.html#ad0b7166470e29cb5024efeca7d035af" title="__litm_pool_clean" alt="" coords="532,5,657,32">
<area shape="rect" href="$pool_8c.html#2f844d6f6d2a471a5a93c3c49c28eef2" title="__litm_pool_destroy" alt="" coords="527,56,663,83">
<area shape="rect" href="$queue_8c.html#24e3c9aaef201f1f66bcd8591b1e4c15" title="queue_put_safe" alt="" coords="539,107,651,133">
<area shape="rect" href="$queue_8c.html#145cb346a7b7660c1fdf011298d6ff5d" title="queue_put_head_safe" alt="" coords="521,157,668,184">
