<area shape="rect" href="$connection_8c.html#1c62b68cf084828184eed29d17c6498c" title="litm_connection_open" alt="" coords="151,56,297,83">
<area shape="rect" href="$switch_8c.html#cf83bfcffad6990c781b1a668ec8209e" title="switch_init" alt="" coords="183,107,265,133">
<area shape="rect" href="$connection_8c.html#720256527350db29d5e743a32d908151" title="__litm_connection_get_free_index" alt="" coords="347,5,565,32">
<area shape="rect" href="$queue_8c.html#404f283e7764be86026fda0714b6b7b6" title="queue_create" alt="" coords="407,56,505,83">
<area shape="rect" href="$switch_8c.html#e4d3d02052899f64d09070f18f75c29a" title="__switch_init_tables" alt="" coords="387,107,525,133">
<area shape="rect" href="$switch_8c.html#99ec0a50e5e594cb656f9ea1f7d39554" title="__switch_thread_function" alt="" coords="372,157,540,184">
<area shape="rect" href="$switch_8c.html#149e07f06e61c0daee8f4cf38200dff2" title="__switch_finalize" alt="" coords="908,44,1028,71">
<area shape="rect" href="$switch_8c.html#428d719295458c6a33de960ab47a3594" title="__switch_get_next_subscriber" alt="" coords="615,233,809,260">
<area shape="rect" href="$switch_8c.html#195303a03d0b0c2a3f44951a38b2b0f6" title="__switch_handle_pending" alt="" coords="628,81,796,108">
<area shape="rect" href="$switch_8c.html#a915fa62ee3a445f9acac19e744005e3" title="__switch_try_sending_or_requeue" alt="" coords="860,120,1076,147">
<area shape="rect" href="$litm_8c.html#76f700b9bb8531fd8baf8931e67c4604" title="litm_translate_code" alt="" coords="901,183,1035,209">
<area shape="rect" href="$queue_8c.html#819eed56d043a96499116f087d928057" title="queue_get_nb" alt="" coords="661,284,763,311">
<area shape="rect" href="$pool_8c.html#1266647a6ed7c20e9c5d08f4bef09dd3" title="__litm_pool_recycle" alt="" coords="1168,44,1304,71">
<area shape="rect" href="$pool_8c.html#2f844d6f6d2a471a5a93c3c49c28eef2" title="__litm_pool_destroy" alt="" coords="1396,44,1532,71">
<area shape="rect" href="$switch_8c.html#a94aad98c23f36ddee68fa7c14b4dfba" title="__switch_find_match" alt="" coords="896,284,1040,311">
<area shape="rect" href="$switch_8c.html#6ff5c1db987d3bf46b124d28967954a4" title="__switch_find_next_non_match" alt="" coords="867,233,1069,260">
<area shape="rect" href="$switch_8c.html#1025953257d7d23c8473d945dbf0c9db" title="__switch_try_sending_to_recipient" alt="" coords="1127,157,1345,184">
<area shape="rect" href="$queue_8c.html#e8939dc8316290db7846b56d38c7ff90" title="queue_put" alt="" coords="1196,107,1276,133">
<area shape="rect" href="$queue_8c.html#ad63e2d2e97a079465ca5651b5b7c36e" title="queue_put_nb" alt="" coords="1413,157,1515,184">
