<area shape="rect" href="$pool_8h.html#1266647a6ed7c20e9c5d08f4bef09dd3" title="__litm_pool_recycle" alt="" coords="192,101,328,128">
<area shape="rect" href="$switch_8c.html#149e07f06e61c0daee8f4cf38200dff2" title="__switch_finalize" alt="" coords="376,69,496,96">
<area shape="rect" href="$switch_8h.html#7ff2d602f713f81e854c172e842afcad" title="switch_send" alt="" coords="389,132,483,158">
<area shape="rect" href="$switch_8c.html#195303a03d0b0c2a3f44951a38b2b0f6" title="__switch_handle_pending" alt="" coords="545,5,713,32">
<area shape="rect" href="$switch_8c.html#99ec0a50e5e594cb656f9ea1f7d39554" title="__switch_thread_function" alt="" coords="763,30,931,57">
<area shape="rect" href="$switch_8h.html#2bab91639e612d51d0d7d8a3a64d0ace" title="switch_release" alt="" coords="576,106,683,133">
<area shape="rect" href="$switch_8h.html#cf83bfcffad6990c781b1a668ec8209e" title="switch_init" alt="" coords="979,30,1061,57">
<area shape="rect" href="$litm_8h.html#bc852d2eb14353e36adf21c33eab03a3" title="litm_connect" alt="" coords="1109,30,1205,57">
<area shape="rect" href="$litm_8h.html#21def412c9b064fc929e0822f28d2a2a" title="litm_release" alt="" coords="801,106,892,133">
<area shape="rect" href="$litm_8h.html#bed13398c1bc31a6c81c3e50997e2f2c" title="litm_send" alt="" coords="591,157,668,184">
