<area shape="rect" href="$queue_8h.html#3d346fcf3a730d9e52e0b27359de6256" title="queue_put" alt="" coords="391,56,471,83">
<area shape="rect" href="$queue_8h.html#8cd65d2ab7ec27b19a655e9835de832c" title="queue_put_nb" alt="" coords="169,107,271,133">
<area shape="rect" href="$switch_8c.html#99ec0a50e5e594cb656f9ea1f7d39554" title="__switch_thread_function" alt="" coords="1075,107,1243,133">
<area shape="rect" href="$switch_8c.html#a915fa62ee3a445f9acac19e744005e3" title="__switch_try_sending_or_requeue" alt="" coords="591,107,807,133">
<area shape="rect" href="$switch_8h.html#2bab91639e612d51d0d7d8a3a64d0ace" title="switch_release" alt="" coords="645,5,752,32">
<area shape="rect" href="$switch_8h.html#cf83bfcffad6990c781b1a668ec8209e" title="switch_init" alt="" coords="1291,107,1373,133">
<area shape="rect" href="$litm_8h.html#7866d99d291588a5279844f2883fd3fa" title="litm_connect_ex" alt="" coords="1423,107,1537,133">
<area shape="rect" href="$litm_8h.html#bc852d2eb14353e36adf21c33eab03a3" title="litm_connect" alt="" coords="1612,81,1708,108">
<area shape="rect" href="$litm_8h.html#eff57ac5ec37914599624703229ba8ca" title="litm_connect_ex_wait" alt="" coords="1587,132,1733,159">
<area shape="rect" href="$switch_8c.html#195303a03d0b0c2a3f44951a38b2b0f6" title="__switch_handle_pending" alt="" coords="857,107,1025,133">
<area shape="rect" href="$litm_8h.html#21def412c9b064fc929e0822f28d2a2a" title="litm_release" alt="" coords="896,5,987,32">
<area shape="rect" href="$switch_8c.html#9b8ef3fb85a6655628b2e534bc7e4245" title="__switch_safe_send" alt="" coords="361,220,500,247">
<area shape="rect" href="$switch_8c.html#1025953257d7d23c8473d945dbf0c9db" title="__switch_try_sending_to_recipient" alt="" coords="321,107,540,133">
<area shape="rect" href="$switch_8h.html#7ff2d602f713f81e854c172e842afcad" title="switch_send" alt="" coords="652,220,745,247">
<area shape="rect" href="$switch_8h.html#cc4861fecbb5d0b20174fc1513539554" title="switch_send_shutdown" alt="" coords="621,296,776,323">
<area shape="rect" href="$litm_8h.html#bed13398c1bc31a6c81c3e50997e2f2c" title="litm_send" alt="" coords="903,259,980,285">
<area shape="rect" href="$litm_8h.html#f3f6e0026de45f6a16f234a28a0d003b" title="litm_send_wait" alt="" coords="888,208,995,235">
<area shape="rect" href="$litm_8h.html#9e932bb687ba4087d90eca7aa6583f0a" title="litm_send_shutdown" alt="" coords="872,309,1011,336">
