<area shape="rect" href="$switch_8c.html#99ec0a50e5e594cb656f9ea1f7d39554" title="__switch_thread_function" alt="" coords="621,19,789,46">
<area shape="rect" href="$switch_8c.html#a915fa62ee3a445f9acac19e744005e3" title="__switch_try_sending_or_requeue" alt="" coords="137,70,353,96">
<area shape="rect" href="$switch_8h.html#2bab91639e612d51d0d7d8a3a64d0ace" title="switch_release" alt="" coords="192,120,299,147">
<area shape="rect" href="$switch_8h.html#7ff2d602f713f81e854c172e842afcad" title="switch_send" alt="" coords="199,171,292,198">
<area shape="rect" href="$switch_8h.html#cf83bfcffad6990c781b1a668ec8209e" title="switch_init" alt="" coords="837,19,920,46">
<area shape="rect" href="$litm_8h.html#bc852d2eb14353e36adf21c33eab03a3" title="litm_connect" alt="" coords="968,19,1064,46">
<area shape="rect" href="$switch_8c.html#195303a03d0b0c2a3f44951a38b2b0f6" title="__switch_handle_pending" alt="" coords="404,70,572,96">
<area shape="rect" href="$litm_8h.html#21def412c9b064fc929e0822f28d2a2a" title="litm_release" alt="" coords="443,120,533,147">
<area shape="rect" href="$litm_8h.html#bed13398c1bc31a6c81c3e50997e2f2c" title="litm_send" alt="" coords="449,171,527,198">
