<area shape="rect" href="$switch_8c.html#9b8ef3fb85a6655628b2e534bc7e4245" title="__switch_safe_send" alt="" coords="241,107,380,133">
<area shape="rect" href="$switch_8c.html#1025953257d7d23c8473d945dbf0c9db" title="__switch_try_sending_to_recipient" alt="" coords="201,157,420,184">
<area shape="rect" href="$switch_8h.html#7ff2d602f713f81e854c172e842afcad" title="switch_send" alt="" coords="532,56,625,83">
<area shape="rect" href="$switch_8h.html#cc4861fecbb5d0b20174fc1513539554" title="switch_send_shutdown" alt="" coords="501,107,656,133">
<area shape="rect" href="$litm_8h.html#bed13398c1bc31a6c81c3e50997e2f2c" title="litm_send" alt="" coords="783,5,860,32">
<area shape="rect" href="$litm_8h.html#f3f6e0026de45f6a16f234a28a0d003b" title="litm_send_wait" alt="" coords="768,56,875,83">
<area shape="rect" href="$litm_8h.html#9e932bb687ba4087d90eca7aa6583f0a" title="litm_send_shutdown" alt="" coords="752,107,891,133">
<area shape="rect" href="$switch_8c.html#a915fa62ee3a445f9acac19e744005e3" title="__switch_try_sending_or_requeue" alt="" coords="471,157,687,184">
<area shape="rect" href="$switch_8c.html#195303a03d0b0c2a3f44951a38b2b0f6" title="__switch_handle_pending" alt="" coords="737,157,905,184">
<area shape="rect" href="$switch_8c.html#99ec0a50e5e594cb656f9ea1f7d39554" title="__switch_thread_function" alt="" coords="955,183,1123,209">
<area shape="rect" href="$switch_8h.html#cf83bfcffad6990c781b1a668ec8209e" title="switch_init" alt="" coords="1171,183,1253,209">
<area shape="rect" href="$litm_8h.html#7866d99d291588a5279844f2883fd3fa" title="litm_connect_ex" alt="" coords="1303,183,1417,209">
<area shape="rect" href="$litm_8h.html#bc852d2eb14353e36adf21c33eab03a3" title="litm_connect" alt="" coords="1492,157,1588,184">
<area shape="rect" href="$litm_8h.html#eff57ac5ec37914599624703229ba8ca" title="litm_connect_ex_wait" alt="" coords="1467,208,1613,235">
