<area shape="rect" href="$switch_8c.html#e4d3d02052899f64d09070f18f75c29a" title="__switch_init_tables" alt="" coords="151,149,289,176">
<area shape="rect" href="$switch_8c.html#99ec0a50e5e594cb656f9ea1f7d39554" title="__switch_thread_function" alt="" coords="136,200,304,227">
<area shape="rect" href="$queue_8c.html#fb5475fae1028dd41cf622ef2dc84036" title="queue_create" alt="" coords="171,251,269,277">
<area shape="rect" href="$switch_8c.html#149e07f06e61c0daee8f4cf38200dff2" title="__switch_finalize" alt="" coords="647,23,767,49">
<area shape="rect" href="$switch_8c.html#4d51cfe83ccbbb9248bbee852a1a3a65" title="__switch_get_next_subscriber" alt="" coords="353,276,548,303">
<area shape="rect" href="$switch_8c.html#195303a03d0b0c2a3f44951a38b2b0f6" title="__switch_handle_pending" alt="" coords="367,73,535,100">
<area shape="rect" href="$switch_8c.html#a915fa62ee3a445f9acac19e744005e3" title="__switch_try_sending_or_requeue" alt="" coords="599,99,815,125">
<area shape="rect" href="$litm_8c.html#76f700b9bb8531fd8baf8931e67c4604" title="litm_translate_code" alt="" coords="640,163,773,189">
<area shape="rect" href="$queue_8c.html#819eed56d043a96499116f087d928057" title="queue_get_nb" alt="" coords="400,327,501,353">
<area shape="rect" href="$queue_8c.html#e8939dc8316290db7846b56d38c7ff90" title="queue_put" alt="" coords="935,225,1015,252">
<area shape="rect" href="$queue_8c.html#506b0fed202c45ae1d42b1b9d5cd6b30" title="queue_wait" alt="" coords="408,377,493,404">
<area shape="rect" href="$pool_8c.html#1266647a6ed7c20e9c5d08f4bef09dd3" title="__litm_pool_recycle" alt="" coords="907,23,1043,49">
<area shape="rect" href="$pool_8c.html#2f844d6f6d2a471a5a93c3c49c28eef2" title="__litm_pool_destroy" alt="" coords="1139,23,1275,49">
<area shape="rect" href="$switch_8c.html#789e706afab00720920bef8347ac87af" title="__switch_find_match" alt="" coords="635,276,779,303">
<area shape="rect" href="$switch_8c.html#1025953257d7d23c8473d945dbf0c9db" title="__switch_try_sending_to_recipient" alt="" coords="865,124,1084,151">
<area shape="rect" href="$queue_8c.html#8ef73c0a37ef99ebc486eaa88bd19cef" title="queue_put_head" alt="" coords="917,73,1032,100">
<area shape="rect" href="$queue_8c.html#6771a5883953007fe2dc632d7c56cc98" title="queue_put_head_wait" alt="" coords="1133,124,1280,151">
<area shape="rect" href="$queue_8c.html#ad63e2d2e97a079465ca5651b5b7c36e" title="queue_put_nb" alt="" coords="1156,175,1257,201">
<area shape="rect" href="$queue_8c.html#145cb346a7b7660c1fdf011298d6ff5d" title="queue_put_head_safe" alt="" coords="1329,112,1476,139">
<area shape="rect" href="$queue_8c.html#24e3c9aaef201f1f66bcd8591b1e4c15" title="queue_put_safe" alt="" coords="1347,188,1459,215">
<area shape="rect" href="$queue_8c.html#223e84e07701aa14c2103fa27d08a101" title="__queue_get_safe" alt="" coords="643,327,771,353">
