<area shape="rect" href="$switch_8c.html#149e07f06e61c0daee8f4cf38200dff2" title="__switch_finalize" alt="" coords="516,9,636,36">
<area shape="rect" href="$switch_8c.html#4d51cfe83ccbbb9248bbee852a1a3a65" title="__switch_get_next_subscriber" alt="" coords="223,263,417,289">
<area shape="rect" href="$switch_8c.html#195303a03d0b0c2a3f44951a38b2b0f6" title="__switch_handle_pending" alt="" coords="236,60,404,87">
<area shape="rect" href="$switch_8c.html#a915fa62ee3a445f9acac19e744005e3" title="__switch_try_sending_or_requeue" alt="" coords="468,85,684,112">
<area shape="rect" href="$litm_8c.html#76f700b9bb8531fd8baf8931e67c4604" title="litm_translate_code" alt="" coords="509,149,643,176">
<area shape="rect" href="$queue_8c.html#819eed56d043a96499116f087d928057" title="queue_get_nb" alt="" coords="269,313,371,340">
<area shape="rect" href="$queue_8c.html#e8939dc8316290db7846b56d38c7ff90" title="queue_put" alt="" coords="804,212,884,239">
<area shape="rect" href="$queue_8c.html#506b0fed202c45ae1d42b1b9d5cd6b30" title="queue_wait" alt="" coords="277,364,363,391">
<area shape="rect" href="$pool_8c.html#1266647a6ed7c20e9c5d08f4bef09dd3" title="__litm_pool_recycle" alt="" coords="776,9,912,36">
<area shape="rect" href="$pool_8c.html#2f844d6f6d2a471a5a93c3c49c28eef2" title="__litm_pool_destroy" alt="" coords="1008,9,1144,36">
<area shape="rect" href="$switch_8c.html#789e706afab00720920bef8347ac87af" title="__switch_find_match" alt="" coords="504,263,648,289">
<area shape="rect" href="$switch_8c.html#1025953257d7d23c8473d945dbf0c9db" title="__switch_try_sending_to_recipient" alt="" coords="735,111,953,137">
<area shape="rect" href="$queue_8c.html#8ef73c0a37ef99ebc486eaa88bd19cef" title="queue_put_head" alt="" coords="787,60,901,87">
<area shape="rect" href="$queue_8c.html#6771a5883953007fe2dc632d7c56cc98" title="queue_put_head_wait" alt="" coords="1003,111,1149,137">
<area shape="rect" href="$queue_8c.html#ad63e2d2e97a079465ca5651b5b7c36e" title="queue_put_nb" alt="" coords="1025,161,1127,188">
<area shape="rect" href="$queue_8c.html#145cb346a7b7660c1fdf011298d6ff5d" title="queue_put_head_safe" alt="" coords="1199,99,1345,125">
<area shape="rect" href="$queue_8c.html#24e3c9aaef201f1f66bcd8591b1e4c15" title="queue_put_safe" alt="" coords="1216,175,1328,201">
<area shape="rect" href="$queue_8c.html#223e84e07701aa14c2103fa27d08a101" title="__queue_get_safe" alt="" coords="512,313,640,340">
