<area shape="rect" href="$switch_8c.html#e4d3d02052899f64d09070f18f75c29a" title="__switch_init_tables" alt="" coords="151,233,289,260">
<area shape="rect" href="$switch_8c.html#99ec0a50e5e594cb656f9ea1f7d39554" title="__switch_thread_function" alt="" coords="136,284,304,311">
<area shape="rect" href="$queue_8c.html#404f283e7764be86026fda0714b6b7b6" title="queue_create" alt="" coords="171,335,269,361">
<area shape="rect" href="$switch_8c.html#149e07f06e61c0daee8f4cf38200dff2" title="__switch_finalize" alt="" coords="647,107,767,133">
<area shape="rect" href="$switch_8c.html#4d51cfe83ccbbb9248bbee852a1a3a65" title="__switch_get_next_subscriber" alt="" coords="353,360,548,387">
<area shape="rect" href="$switch_8c.html#195303a03d0b0c2a3f44951a38b2b0f6" title="__switch_handle_pending" alt="" coords="367,157,535,184">
<area shape="rect" href="$switch_8c.html#a915fa62ee3a445f9acac19e744005e3" title="__switch_try_sending_or_requeue" alt="" coords="599,208,815,235">
<area shape="rect" href="$queue_8c.html#e8939dc8316290db7846b56d38c7ff90" title="queue_put" alt="" coords="935,309,1015,336">
<area shape="rect" href="$litm_8c.html#76f700b9bb8531fd8baf8931e67c4604" title="litm_translate_code" alt="" coords="640,259,773,285">
<area shape="rect" href="$connection_8c.html#b88c123e1d85482158c20a43e1f302ab" title="litm_connection_get_id" alt="" coords="373,411,528,437">
<area shape="rect" href="$queue_8c.html#819eed56d043a96499116f087d928057" title="queue_get_nb" alt="" coords="400,461,501,488">
<area shape="rect" href="$pool_8c.html#1266647a6ed7c20e9c5d08f4bef09dd3" title="__litm_pool_recycle" alt="" coords="907,56,1043,83">
<area shape="rect" href="$pool_8c.html#2f844d6f6d2a471a5a93c3c49c28eef2" title="__litm_pool_destroy" alt="" coords="1168,5,1304,32">
<area shape="rect" href="$switch_8c.html#789e706afab00720920bef8347ac87af" title="__switch_find_match" alt="" coords="635,411,779,437">
<area shape="rect" href="$switch_8c.html#69410aeaf5f97afc41f6608cc00bd754" title="__switch_handle_first_subscriber" alt="" coords="600,360,813,387">
<area shape="rect" href="$switch_8c.html#6ff5c1db987d3bf46b124d28967954a4" title="__switch_find_next_non_match" alt="" coords="873,360,1076,387">
<area shape="rect" href="$switch_8c.html#1025953257d7d23c8473d945dbf0c9db" title="__switch_try_sending_to_recipient" alt="" coords="865,208,1084,235">
<area shape="rect" href="$connection_8c.html#86230c9edffe9b05ec0ff384b1706716" title="_litm_connection_get_status" alt="" coords="1143,56,1329,83">
<area shape="rect" href="$connection_8c.html#845538cd477e83b01381c22198ca318f" title="_litm_connection_lock" alt="" coords="1161,107,1311,133">
<area shape="rect" href="$connection_8c.html#1bbcee336581803f8ff367f55fca7363" title="_litm_connection_unlock" alt="" coords="1155,157,1317,184">
<area shape="rect" href="$connection_8c.html#200b813c910cd4a83c36aa907bd52dbe" title="_litm_connection_validate_safe" alt="" coords="1135,208,1337,235">
<area shape="rect" href="$connection_8c.html#9e582b29253857b58f87ba89f8a6526f" title="_litm_connections_lock" alt="" coords="1157,259,1315,285">
<area shape="rect" href="$connection_8c.html#c75b4b0413d3523574bda13549715447" title="_litm_connections_unlock" alt="" coords="1151,309,1321,336">
<area shape="rect" href="$queue_8c.html#24e3c9aaef201f1f66bcd8591b1e4c15" title="queue_put_safe" alt="" coords="1180,360,1292,387">
<area shape="rect" href="$queue_8c.html#223e84e07701aa14c2103fa27d08a101" title="__queue_get_safe" alt="" coords="643,461,771,488">
