<area shape="rect" href="$switch_8c.html#149e07f06e61c0daee8f4cf38200dff2" title="__switch_finalize" alt="" coords="516,97,636,121">
<area shape="rect" href="$switch_8c.html#428d719295458c6a33de960ab47a3594" title="__switch_get_next_subscriber" alt="" coords="223,347,417,371">
<area shape="rect" href="$switch_8c.html#195303a03d0b0c2a3f44951a38b2b0f6" title="__switch_handle_pending" alt="" coords="236,197,404,221">
<area shape="rect" href="$switch_8c.html#a915fa62ee3a445f9acac19e744005e3" title="__switch_try_sending_or_requeue" alt="" coords="468,197,684,221">
<area shape="rect" href="$queue_8c.html#e8939dc8316290db7846b56d38c7ff90" title="queue_put" alt="" coords="804,297,884,321">
<area shape="rect" href="$litm_8c.html#76f700b9bb8531fd8baf8931e67c4604" title="litm_translate_code" alt="" coords="509,247,643,271">
<area shape="rect" href="$queue_8c.html#819eed56d043a96499116f087d928057" title="queue_get_nb" alt="" coords="269,395,371,419">
<area shape="rect" href="$pool_8c.html#1266647a6ed7c20e9c5d08f4bef09dd3" title="__litm_pool_recycle" alt="" coords="776,52,912,76">
<area shape="rect" href="$pool_8c.html#2f844d6f6d2a471a5a93c3c49c28eef2" title="__litm_pool_destroy" alt="" coords="1037,5,1173,29">
<area shape="rect" href="$switch_8c.html#a94aad98c23f36ddee68fa7c14b4dfba" title="__switch_find_match" alt="" coords="504,347,648,371">
<area shape="rect" href="$switch_8c.html#6ff5c1db987d3bf46b124d28967954a4" title="__switch_find_next_non_match" alt="" coords="475,395,677,419">
<area shape="rect" href="$switch_8c.html#1025953257d7d23c8473d945dbf0c9db" title="__switch_try_sending_to_recipient" alt="" coords="735,197,953,221">
<area shape="rect" href="$connection_8c.html#86230c9edffe9b05ec0ff384b1706716" title="_litm_connection_get_status" alt="" coords="1012,53,1199,77">
<area shape="rect" href="$connection_8c.html#845538cd477e83b01381c22198ca318f" title="_litm_connection_lock" alt="" coords="1031,101,1180,125">
<area shape="rect" href="$connection_8c.html#1bbcee336581803f8ff367f55fca7363" title="_litm_connection_unlock" alt="" coords="1024,149,1187,173">
<area shape="rect" href="$connection_8c.html#200b813c910cd4a83c36aa907bd52dbe" title="_litm_connection_validate_safe" alt="" coords="1004,197,1207,221">
<area shape="rect" href="$connection_8c.html#9e582b29253857b58f87ba89f8a6526f" title="_litm_connections_lock" alt="" coords="1027,245,1184,269">
<area shape="rect" href="$connection_8c.html#c75b4b0413d3523574bda13549715447" title="_litm_connections_unlock" alt="" coords="1020,293,1191,317">
<area shape="rect" href="$queue_8c.html#24e3c9aaef201f1f66bcd8591b1e4c15" title="queue_put_safe" alt="" coords="1049,341,1161,365">
